// Jest Snapshot v1, https://goo.gl/fbAQLP

exports[`CharacterDetail component renders CharacterDetail 1`] = `
<DocumentFragment>
  <figure>
    <h2>
      test
    </h2>
    <img
      src="test"
    />
    <figcaption>
      <p>
        Status: test
      </p>
      <p>
        Species: test
      </p>
      <p>
        Type: test
      </p>
      <p>
        Gender: test
      </p>
      <p>
        Origin: test
      </p>
      <p>
        Location: test
      </p>
    </figcaption>
    <a
      href="/"
    >
      Return Home
    </a>
  </figure>
</DocumentFragment>
`;
