// Jest Snapshot v1, https://goo.gl/fbAQLP

exports[`CharacterList component renders CharacterList 1`] = `
<DocumentFragment>
  <ul>
    <a
      href="/undefined"
    >
      <li>
        <h2>
          Pickle Rick
        </h2>
        <img
          src="http://image.com"
        />
      </li>
    </a>
  </ul>
</DocumentFragment>
`;
